// Jest Snapshot v1, https://goo.gl/fbAQLP

exports[`src/index.tsx should return correct LIST_HEIGHT in toutiao 1`] = `
Object {
  "children": Array [
    Object {
      "children": Array [
        Object {
          "text": "hello world.",
          "type": "plain-text",
        },
      ],
      "id": 2,
      "props": Object {
        "style": "height:100rpx;",
      },
      "text": undefined,
      "type": "scroll-view",
    },
  ],
  "id": 0,
  "props": undefined,
  "text": undefined,
  "type": "root",
}
`;
